// Jest Snapshot v1, https://goo.gl/fbAQLP

exports[`should render EditExpensePage correctly 1`] = `
<div>
  <h1>
    Edit Expense
  </h1>
  <Connect(ExpenseForm)
    expense={
      Object {
        "amount": 300,
        "createdAt": 864000000,
        "description": "Much later",
        "id": "vf45",
        "note": "Maecenas sed diam eget risus varius blandit sit amet non magna.",
      }
    }
    onRemove={[Function]}
    onSubmit={[Function]}
  />
</div>
`;
