// Jest Snapshot v1, https://goo.gl/fbAQLP

exports[`should render the expense 1`] = `
<Link
  className="list-item"
  replace={false}
  to="/edit/bc23"
>
  <div>
    <h3>
      A bit later
    </h3>
    <i>
      22nd December 1969
    </i>
  </div>
  <h3>
    $2.00
  </h3>
</Link>
`;
