// Jest Snapshot v1, https://goo.gl/fbAQLP

exports[`should render LoginPage component correctly 1`] = `
<div>
  <h1>
    Login
  </h1>
  <p>
    please authenticate
  </p>
  <button
    className="btn btn-primary"
  >
    Login
  </button>
</div>
`;
